Will upload 539 files -> s3://kraskideti/tours/
Found 315 existing objects under prefix 'tours/'
[1/539] skip 3.jpeg
[2/539] skip 800 ступеней и «край Земли» в Супсехе.webp
[3/539] skip calendar-na-may-2026-goda-raspechatat-a4.png
[4/539] skip kjQ4YkUnBPiPNsO84OtLXQ.jpg
[5/539] skip Mriya Resort.webp
[6/539] skip Абай-Су.jpg
[7/539] skip Абрау дюрсо.webp
[8/539] skip Абрау-Дюрсо.jpg
[9/539] skip Адыгея.webp
[10/539] skip Азишская пещера.jpg
[11/539] skip Азишский перевал.jpg
[12/539] skip Ай-Петри.jpg
[13/539] skip Ай-София.jpg
[14/539] skip Александровская слобода Ивана Грозного.webp
[15/539] skip Александровский кремль.jpg
[16/539] skip Али и Нино.webp
[17/539] skip Алупкинский парк.webp
[18/539] skip Алчак-Кая.webp
[19/539] skip Анакопийская крепость.jpg
[20/539] skip Английский парк.jpg
[21/539] skip Аргунское ущелье.jpg
[22/539] skip Архипо-Осиповки.jpg
[23/539] skip Аю-Даг.webp
[24/539] skip Базар Самарканда.webp
[25/539] skip Базары Великого Шёлкового пути.webp
[26/539] skip Баксанское ущелье.jpg
[27/539] skip Балаклава.jpg
[28/539] skip Бархан Сарыкум.jpg
[29/539] skip Бахчисарай и Ханский дворец.jpg
[30/539] skip Бахчисарайский фонтан.jpg
[31/539] skip Башня Сююмбике — «падающая башня» Казани.jpg
[32/539] skip Беловежская пуща — Брестская крепость.webp
[33/539] skip Беловежская пуща.webp
[34/539] skip Белореченский водопад — Питейный дом.jpg
[35/539] skip Белореченский водопад — Савранская канатка.jpg
[36/539] skip Белореченский водопад.jpg
[37/539] skip Белые ночи Петербурга.jpg
[38/539] skip Беседка Островского.jpg
[39/539] skip Беседка Эолова.jpg
[40/539] skip Биосферный заповедник ЮНЕСКО.jpg
[41/539] skip Благовещенская церковь.webp
[42/539] skip Благовещенский собор.jpg
[43/539] skip Богоявленский собор.jpg
[44/539] skip Болотные кипарисы в Сукко.jpg
[45/539] skip Большой Петергофский дворец изнутри.jpg
[46/539] skip Боржоми.webp
[47/539] skip Борющиеся зубры.jpg
[48/539] skip Бульвар Чавайна.JPG
[49/539] skip Бутримовичский дворец.jpg
[50/539] skip Бухара.webp
[51/539] skip Вардзиа.webp
[52/539] skip Верхнекурджипское ущелье.webp
[53/539] skip Верхний город.jpg
[54/539] skip Верхний Ларс.webp
[55/539] skip Верхняя Балкария.jpg
[56/539] skip Вечер на набережной Ялты.jpg
[57/539] skip Вид на Кавказский хребет.jpg
[58/539] skip Винное подворье Старого Грека.webp
[59/539] skip Винный парк.jpg
[60/539] skip Владикавказ — Алагирское ущелье.webp
[61/539] skip Водопад Псыдах.jpg
[62/539] skip Водопад Тобот на Хунзахском плато.jpg
[63/539] skip Водопад Университетский.jpg
[64/539] skip Водопад Шапсуг.jpg
[65/539] skip водопад шестиметровка.jpg
[66/539] skip Водопад Эмир.webp
[67/539] skip Водопады Ахвенкоски.jpg
[68/539] skip Водопады Верхнекурджипского.webp
[69/539] skip Водопады Девичьи.jpg
[70/539] skip Водопады Жане, Голубая бездна.webp
[71/539] skip Водопады Руфабго.jpg
[72/539] skip Водопады Чегемского.jpg
[73/539] skip Водопады Эмир, Султан и Каракая-Су.jpg
[74/539] skip Военно-Грузинская дорога — Тбилиси.jpg
[75/539] skip Вокруг Анапы.webp
[76/539] skip Вокруг света.jpg
[77/539] skip Воронцовский дворец.jpeg
[78/539] skip Воскресенская церковь.jpg
[79/539] skip Восстановленный дворец.jpg
[80/539] skip Гагра.jpg
[81/539] skip Гагрипш.webp
[82/539] skip Галатская башня.webp
[83/539] skip Галатский мост.jpg
[84/539] skip Гамсутль.webp
[85/539] skip Гедуко.jpg
[86/539] skip Геленджикская набережная.jpg
[87/539] skip Генеральские пляжи.jpg
[88/539] skip Генуэзская башня.webp
[89/539] skip Генуэзская крепость XIV века.jpg
[90/539] skip Георгиевский собор.jpg
[91/539] skip Гервяты — «белорусский Нотр-Дам».jpg
[92/539] skip Голова Мамеда и борода мамеда адыгея водопады.jpg
[93/539] skip Голубое озеро.jpg
[94/539] skip Гора Митридат.jpg
[95/539] skip Гора Сампо, Кивач, Марциальные воды.jpg
[96/539] skip Гора Сампо.jpg
[97/539] skip Гора Физиабго.jpg
[98/539] skip Горная Аджария.webp
[99/539] skip Город мёртвых в Даргавсе.jpg
[100/539] skip Город мёртвых Даргавс.webp
[101/539] skip Горы Адыгеи.jpg
[102/539] skip Горы Колдун.jpg
[103/539] skip Горы Мезмая.jpg
[104/539] skip Горы Опук.jpg
[105/539] skip Горячий Ключ + Парк Галицкого.jpg
[106/539] skip Гранитный каньон Белой.jpg
[107/539] skip графская пристань памятник.jpg
[108/539] skip Графская пристань памятник.webp
[109/539] skip Гродно — 900 лет истории.webp
[110/539] skip Грозный-Сити.png
[111/539] skip Гуамское ущелье.jpg
[112/539] skip Гузерипль — Лаго-Наки.jpg
[113/539] skip Гур-Эмир.webp
[114/539] skip Гурзуф — Никитский сад.jpg
[115/539] skip Дантово ущелье.webp
[116/539] skip Два моря — Азовское и Чёрное.jpg
[117/539] skip Дворец Долмабахче ..webp
[118/539] skip Дворец Долмабахче — Истикляль.jpg
[119/539] skip Дворец Ибрагима.webp
[120/539] skip Дворец Пусловских.jpg
[121/539] skip Дворец Топкапы с гаремом.webp
[122/539] skip Дворец Эмира.webp
[123/539] skip Дворцы ЮБК или Ай-Петри.jpg
[124/539] skip девичьи слезы.jpg
[125/539] skip Джан-Кутаран.jpg
[126/539] skip Джилы-Су — Чегемские водопады.webp
[127/539] skip Джилы-Су.webp
[128/539] skip Дмитриевский собор.jpg
[129/539] skip Долина Аше — Мамедово ущелье.webp
[130/539] skip Долина Лефкадия.jpg
[131/539] skip Дольмены.jpg
[132/539] skip Дом Печатника.webp
[133/539] skip Дом-корабль.jpg
[134/539] skip Дом-подкова.jpg
[135/539] skip Домбай-Ульген.jpg
[136/539] skip Домик Лермонтова в Тамани.jpeg
[137/539] skip Донской канал.webp
[138/539] skip Древний Дербент.jpg
[139/539] skip Дудутки.jpg
[140/539] skip Египетский базар.jpg
[141/539] skip Екатерининский дворец.jpg
[142/539] skip Ессентуки.jpg
[143/539] skip Жажда.webp
[144/539] skip Железноводск.jpg
[145/539] skip Жировичи.jpeg
[146/539] skip Завод БелАЗ.png
[147/539] skip Закат в Абрау-Дюрсо.webp
[148/539] skip Заколдованный лес.jpg
[149/539] skip Замок Ананури.jpg
[150/539] skip Замок Гедимина.jpeg
[151/539] skip Замок Шаакен, сыроварня.jpg
[152/539] skip Замок Шато-Экрен.jpg
[153/539] skip Звездопад Воспоминаний — Бугаз.jpg
[154/539] skip Зеленоградск.jpg
[155/539] skip Золотая обитель Будды.jpg
[156/539] skip Золотой Казан.webp
[157/539] skip Интерактивный музей кочевой культуры.webp
[158/539] skip Ипатьевский монастырь.jpg
[159/539] skip Исаакиевская площадь.jpg
[160/539] skip Исаакиевский собор..jpg
[161/539] skip Исаакиевский собор.jpg
[162/539] skip Ислам-Ходжи.jpg
[163/539] skip Источники Бирагзанг.webp
[164/539] skip Ичан-Кала в Хиве.webp
[165/539] skip Ичан-Кале.jpg
[166/539] skip Йошкар-Ола.webp
[167/539] skip Кавказским Гранд-Каньоном.jpg
[168/539] skip Казанский Кремль — ЮНЕСКО, мечеть Кул-Шариф.webp
[169/539] skip Казанский собор.jpg
[170/539] skip Калмыкия.webp
[171/539] skip Каложская церковь.jpg
[172/539] skip Каньон Дашбаши.jpg
[173/539] skip Каньон Европы.webp
[174/539] skip Каньон Кадаргаван.jpg
[175/539] skip Карадахская теснина — «Ворота чудес».jpg
[176/539] skip Кармадонское ущелье.jpg
[177/539] skip Каскадный.webp
[178/539] skip Катание на верблюдах в Стране Бумба.jpg
[179/539] skip Кафедральный собор.jpg
[180/539] skip Кахетия.jpg
[181/539] skip Кахетия1.webp
[182/539] skip Киндзмараули.jpg
[183/539] skip Кипарисовое озеро Сукко.jpg
[184/539] skip Кисловодск.webp
[185/539] skip Кладбище деревень.jpg
[186/539] skip Колокольня 106 м в Шуе.jpeg
[187/539] skip Комплекс Пахлавана.jpg
[188/539] skip Комплекс Пхакоч.jpeg
[189/539] skip Комплекс Хасты.jpg
[190/539] skip Комплекс Шиомгвиме.webp
[191/539] skip Конная прогулка в ущелье Мишоко.jpg
[192/539] skip Конная ферма «Владимировка».jpg
[193/539] skip Консульский замок.webp
[194/539] skip Королевский Гродно.jpg
[195/539] skip Королевский замок.webp
[196/539] skip Костромской кремль.png
[197/539] skip Кояшское розовое озеро.webp
[198/539] skip Красная Поляна.jpg
[199/539] skip Красная улица.jpg
[200/539] skip Крепость Абаата.jpg
[201/539] skip Крепость Гонио.jpg
[202/539] skip Крепость Дзивгис.jpg
[203/539] skip Крепость Куня.jpg
[204/539] skip Крепость Нарикала.jpg
[205/539] skip Крепость Рабат.webp
[206/539] skip Крымский мост.avif
[207/539] skip Кубанскому казачеству.jpg
[208/539] skip Куня-Арк.jpg
[209/539] skip Курган Адама.webp
[210/539] skip Куртатинское ущелье.jpg
[211/539] skip Куршская коса — ЮНЕСКО.webp
[212/539] skip Куршский залив калининград.webp
[213/539] skip Кутаиси — Батуми.jpg
[214/539] skip Кюннюм-Эль.jpg
[215/539] skip Лаби-Хауз.jpg
[216/539] skip Лабиринт желаний.jpg
[217/539] skip Лаго-Наки.jpg
[218/539] skip Ладожские шхеры.jpeg
[219/539] skip Ласточкино гнездо с панорамой моря.jpg
[220/539] skip Ледник Колка.jpg
[221/539] skip Лестница 287 ступеней к воде.webp
[222/539] skip ливадийский дворец 2.jpg
[223/539] skip Ливадийский дворец.jpg
[224/539] skip Линия Сталина.jpg
[225/539] skip Малая Земля.jpg
[226/539] skip Мамаев курган и Родина-мать.webp
[227/539] skip Массандровский дворец или парк Массандры.jpg
[228/539] skip Массандровский дворец.webp
[229/539] skip Мастер-класс по палехской росписи.jpg
[230/539] skip Махачкала.webp
[231/539] skip Мачу-Пикчу.webp
[232/539] skip Мемориал Сергею.jpg
[233/539] skip Мечеть «Сердце Чечни».jpg
[234/539] skip Мечеть Биби.webp
[235/539] skip Мечеть Джума.webp
[236/539] skip Мечеть Калян.jpg
[237/539] skip Мечеть Мухтарова.jpg
[238/539] skip Мечеть Орта.jpg
[239/539] skip Мечеть Сулеймание.webp
[240/539] skip Мидаграбинские водопады.jpg
[241/539] skip Минск — Беловежская пуща.webp
[242/539] skip Минск-Арена.webp
[243/539] skip Мирский замок и Несвижский дворец — ЮНЕСКО.webp
[244/539] skip Мирский замок — ЮНЕСКО.jpg
[245/539] skip Мирский и Несвижский замки.jpg
[246/539] skip Михайловская батарея.jpg
[247/539] skip Михайловское укрепление.jpg
[248/539] skip Могилёв.webp
[249/539] skip Монастырь Бодбе.jpeg
[250/539] skip Монастырь Гегард.avif
[251/539] skip Монастырь Джвари.webp
[252/539] skip Монастырь Самтавро.jpg
[253/539] skip Монастырь Санаин.webp
[254/539] skip Монастырь Севанаванк.jpg
[255/539] skip Морская прогулка к Ласточкину гнезду.jpg
[256/539] skip Мост Мира.jpg
[257/539] skip Мрия.webp
[258/539] skip мужские слезы.webp
[259/539] skip Музей «Городская панорама».jpg
[260/539] skip Музей «Хлеба и Вина».jpg
[261/539] skip Музей ВОВ + Строчицы.jpg
[262/539] skip Музей ивановского ситца.jpg
[263/539] skip Музей Марка Шагала в Витебске.jpeg
[264/539] skip Музей финифти.jpg
[265/539] skip Музей Шагала.jpg
[266/539] skip Мцхета — «Второй Иерусалим».jpeg
[267/539] skip Мцхета — Джвари, Светицховели, Самтавро.jpg
[268/539] skip Мцхета.jpeg
[269/539] skip Мыс Бугаз.jpg
[270/539] skip Мыс Капчик.jpg
[271/539] skip Мысхако.jpg
[272/539] skip На Сытном дворе Ивана Грозного.webp
[273/539] skip Набережная Адлера.jpg
[274/539] skip Набережная Брюгге.jpg
[275/539] skip Набережная Волги.webp
[276/539] skip Набережная Гагры.jpg
[277/539] skip Набережная Геленджика.jpg
[278/539] skip Набережная Днепра.jpg
[279/539] skip Набережная Кабардинки.jpg
[280/539] skip Набережная Каспийского.jpg
[281/539] skip Набережная Немана.webp
[282/539] skip Набережная Пины.jpg
[283/539] skip Набережная Терека.jpg
[284/539] skip Нарзанная галерея.jpg
[285/539] skip Нарзанные источники Джилы-Су.jpg
[286/539] skip Невский проспект.jpeg
[287/539] skip Несвижский дворец Радзивиллов.jpg
[288/539] skip Нижний Архыз.jpg
[289/539] skip Нихалойские водопады.jpg
[290/539] skip Новоафонская пещера.webp
[291/539] skip Новоафонский монастырь.jpg
[292/539] skip новый афон.webp
[293/539] skip Новый Херсонес.jpg
[294/539] skip Новый Хурул.jpg
[295/539] skip Нораванк среди красных скал.jpg
[296/539] skip Оболенского-Ноготкова.jpg
[297/539] skip Обсерватория Улугбека.png
[298/539] skip Озеро Абрау.webp
[299/539] skip Озеро Кабан.jpg
[300/539] skip Озеро Рица и Юпшарский каньон.webp
[301/539] skip Озеро Рица — Мюссера.jpg
[302/539] skip Озеро Рица.webp
[303/539] skip Озеро Севан — «армянское море».jpg
[304/539] skip Олимпийский парк.jpg
[305/539] skip Опукский заповедник — Кояшское озеро.webp
[306/539] skip Орлиная полка.jpg
[307/539] skip Остров Кижи.jpg
[308/539] skip Остров Слёз.png
[309/539] skip Островец.jpg
[310/539] skip Павловская церковь.jpg
[311/539] skip Памятник Екатерине II.jpg
[312/539] skip Памятник Петру.webp
[313/539] skip Памятник Уастырджи в скале.webp
[314/539] skip Панорама от Анапы до Новороссийска.webp
[315/539] skip Панорама Сталинградской битвы.jpg
[316/539] ok   Парад тюльпанов в Никитском саду.jpg
[317/539] ok   Парк «Сула» с анимацией.webp
[318/539] ok   Парк Галицкого.webp
[319/539] ok   Парк Горького.jpg
[320/539] ok   Парк Гюльхане.jpg
[321/539] ok   Парк Лога.webp
[322/539] ok   Парк Мишоко.jpg
[323/539] ok   Парк Морица.jpg
[324/539] ok   Парк Мтацминда.jpeg
[325/539] ok   парк облаков.webp
[326/539] ok   Парк Патриот.jpg
[327/539] ok   Парк Рико.webp
[328/539] ok   Парк Рускеала.webp
[329/539] ok   Парк Эмирган.webp
[330/539] ok   Партизанская поляна.jpeg
[331/539] ok   Пасха в действующем горном монастыре.jpg
[332/539] ok   Переславль-Залесский.webp
[333/539] ok   Петро-Павловская.webp
[334/539] ok   Петропавловская крепость.jpg
[335/539] ok   Пещера «Сквозная».webp
[336/539] ok   Пещера Арени.webp
[337/539] ok   Пещера Ведьм адыгея.jpg
[338/539] ok   Пещера Исиченко.jpg
[339/539] ok   Пещерный город Мангуп-Кале.jpg
[340/539] ok   Пинск — Мотоль.jpg
[341/539] ok   Пионы у Белой скалы.jpg
[342/539] ok   Питейный дом 1902 года.jpg
[343/539] ok   Питейный дом Российской монополии.jpg
[344/539] ok   Пицунда.jpg
[345/539] ok   Планческие скалы.jpg
[346/539] ok   Плато Бермамыт.jpg
[347/539] ok   Плато Лаго.jpg
[348/539] ok   Плато Матлас.jpg
[349/539] ok   Площадь Восстания.jpg
[350/539] ok   Площадь Европы грузия.jpg
[351/539] ok   Площадь Нахимова.jpg
[352/539] ok   Площадь Победы.jpg
[353/539] ok   Площадь Победы.webp
[354/539] ok   Площадь Пушкина.webp
[355/539] ok   Площадь Регистан в Самарканде.webp
[356/539] ok   Площадь Свободы казань.jpg
[357/539] ok   Площадь Свободы.jpg
[358/539] ok   Площадь Скорби.jpg
[359/539] ok   Площадь Султанахмет.jpg
[360/539] ok   Площадь Таксим.webp
[361/539] ok   Плёс.jpg
[362/539] ok   Подвесные мосты.webp
[363/539] ok   Подземный монастырь.jpg
[364/539] ok   Покровский монастырь.webp
[365/539] ok   Полёты на параплане над Чегемом.webp
[366/539] ok   Поместье Голубицкое — Chateau Tamagne.jpg
[367/539] ok   Поющие барханы.webp
[368/539] ok   Преображенская церковь.jpg
[369/539] ok   Приморский бульвар.jpg
[370/539] ok   Приэльбрусье.webp
[371/539] ok   Провал в Пятигорске.jpg
[372/539] ok   Прогулка по Босфору.jpg
[373/539] ok   Проспект Независимости.webp
[374/539] ok   Проспект Руставелли.jpg
[375/539] ok   Пушкинская галерея.webp
[376/539] ok   Разводные мосты Петербурга.jpg
[377/539] ok   Раифский монастырь.jpg
[378/539] ok   Рафтинг по гранитному каньону Белой.jpg
[379/539] ok   Река Аргун.jpg
[380/539] ok   Река Белая.jpg
[381/539] ok   Река Убин.jpg
[382/539] ok   Рождественский собор.jpg
[383/539] ok   Роза Хутор.jpg
[384/539] ok   Розовое Меклетинское озеро.jpg
[385/539] ok   Росписи костёла в Солах.jpg
[386/539] ok   Ростовский заповедник.jpg
[387/539] ok   Ростовский кремль.jpg
[388/539] ok   Ружаны — «белорусский Версаль».jpg
[389/539] ok   Ружаны — Коссово.jpeg
[390/539] ok   Руины древней столицы Киммерии.webp
[391/539] ok   Салтинский подземный водопад.webp
[392/539] ok   Самцхе-Джавахети.jpg
[393/539] ok   Светлогорск.jpg
[394/539] ok   Свияжск XVII века.webp
[395/539] ok   Свято-Георгиевский.jpg
[396/539] ok   Свято-Михайловский монастырь — Лаго-Наки.jpg
[397/539] ok   Свято-Никольский.jpg
[398/539] ok   Святой Нино.jpg
[399/539] ok   Святой Софии.webp
[400/539] ok   Святополк-Мирских.webp
[401/539] ok   Секретная бухта мыса Бугаз.jpg
[402/539] ok   Село Адык.jpg
[403/539] ok   Село Бидаури.webp
[404/539] ok   Село Гуниб Гунибская крепость.jpeg
[405/539] ok   Село Гуниб.jpg
[406/539] ok   Село Лыхны.jpeg
[407/539] ok   Сердце Руфабго.jpg
[408/539] ok   Симоно-Кананитский.jpeg
[409/539] ok   Сити-Чесс.webp
[410/539] ok   Скала Парус.jpg
[411/539] ok   Скала Петушок.jpg
[412/539] ok   Скала Розовых скворцов.jpg
[413/539] ok   Скала Утюг.jpg
[414/539] ok   Скала Чёртов Палец.jpeg
[415/539] ok   Скоростной поезд «Афросиаб».webp
[416/539] ok   Слоним — Сынковичи.webp
[417/539] ok   Смотровая «Одинокая скамейка» над морем.jpg
[418/539] ok   Смотровая вышка над Донской степью.webp
[419/539] ok   Смотровые площадки над Цемесской бухтой.jpg
[420/539] ok   Смотровые Супсеха — Ласточкины Гнёзда.webp
[421/539] ok   Собачкина столица.jpg
[422/539] ok   Собер-Баш.webp
[423/539] ok   Собор Светицховели.jpg
[424/539] ok   Собор Троицы.webp
[425/539] ok   Сосновый лес над бирюзовой бухтой.jpg
[426/539] ok   Софийские водопады.jpg
[427/539] ok   Софийский собор.webp
[428/539] ok   Спасо-Евфросиниевский.jpg
[429/539] ok   Спасо-Преображенский.jpeg
[430/539] ok   Спасо-Преображенский.jpg
[431/539] ok   Стадион «Краснодар».jpg
[432/539] ok   Стамбул.jpg
[433/539] ok   Старая Сарепта.jpg
[434/539] ok   Старейшее кладбище Краснодара с 1830 года.jpg
[435/539] ok   Старо-Татарская.jpg
[436/539] ok   Старый Парк в Кабардинке.jpg
[437/539] ok   Старый Хурул.webp
[438/539] ok   Статуи Моаи в бухте Капсель.webp
[439/539] ok   Стоять насмерть.jpg
[440/539] ok   Судак.webp
[441/539] ok   Суздальский кремль.jpg
[442/539] ok   Сулакский каньон на катере.jpeg
[443/539] ok   Тамань — Атамань.jpg
[444/539] ok   Тебердинское ущелье.webp
[445/539] ok   Теплоход по рекам.jpg
[446/539] ok   Термальные источники «Водная Ривьера».jpeg
[447/539] ok   Термальные источники Адыгеи.jpg
[448/539] ok   Термальные источники.jpg
[449/539] ok   Тешебские водопады.jpg
[450/539] ok   Три бухты Нового Света в крыму.jpg
[451/539] ok   Троице-Сергиева Лавра — ЮНЕСКО.jpg
[452/539] ok   Тропа Голицына..jpg
[453/539] ok   Тропа Голицына.jpg
[454/539] ok   Тропа Леопарда в заповеднике.jpg
[455/539] ok   Туган авылым.webp
[456/539] ok   Тюльпановый поход на мысе Опук.webp
[457/539] ok   Тюльпаны Шренка.webp
[458/539] ok   Узкоколейная дорога.jpg
[459/539] ok   Улица Истикляль.jpg
[460/539] ok   Улица Руставелли.webp
[461/539] ok   Улица Советская.jpg
[462/539] ok   Усадьба Огинского.webp
[463/539] ok   Усадьба Репина в Здравнёво.jpg
[464/539] ok   Усадьба Семигорье.webp
[465/539] ok   Успенский монастырь казань.webp
[466/539] ok   Успенский монастырь.webp
[467/539] ok   Утёс — Гурзуф.webp
[468/539] ok   Учан-Су.jpeg
[469/539] ok   ушкалойские башни.jpeg
[470/539] ok   Ущелье Аманауз.jpg
[471/539] ok   Фанагория — Азовское море.webp
[472/539] ok   Феодосия лучшеи фото.webp
[473/539] ok   Фестиваль сакуры в Mriya Resort.jpg
[474/539] ok   Фестиваль тюльпанов в парке Эмирган.webp
[475/539] ok   Фестиваль тюльпанов в Элисте.jpg
[476/539] ok   Финский залив.jpg
[477/539] ok   Фишт.webp
[478/539] ok   Фонтаны Петергофа.jpg
[479/539] ok   Форосский храм.jpg
[480/539] ok   Францисканский монастырь.jpg
[481/539] ok   Хаджохская теснина.jpg
[482/539] ok   Ханский дворец.jpg
[483/539] ok   Хатынь и Курган Славы.jpg
[484/539] ok   Хива.webp
[485/539] ok   Холм Пьера Лоти — Балат.webp
[486/539] ok   Холмские ворота.jpg
[487/539] ok   Хор Вирап — Арарат на ладони.webp
[488/539] ok   Храм Амбара.jpg
[489/539] ok   Храм Архангела.jpg
[490/539] ok   Храм Баграта.jpg
[491/539] ok   Храм Гарни.jpg
[492/539] ok   Храм Иоанна.webp
[493/539] ok   Храм Метехи.webp
[494/539] ok   Храм Речи.webp
[495/539] ok   Художественный музей беларусь.jpg
[496/539] ok   Художественный музей.jpg
[497/539] ok   Хунзахское плато.jpg
[498/539] ok   Цветущие персиковые сады.webp
[499/539] ok   Цейский ледник.jpg
[500/539] ok   Цейский ледник.webp
[501/539] ok   Цейское ущелье.jpg
[502/539] ok   Церик-Кель.webp
[503/539] ok   Церковь Ильи.webp
[504/539] ok   Церковь Покрова на Нерли.webp
[505/539] ok   Цитадель Пиллау.webp
[506/539] ok   Чанты-Аргун.jpg
[507/539] ok   Чегемские водопады.jpg
[508/539] ok   Чегемском ущелье.jpeg
[509/539] ok   Чегет.jpg
[510/539] ok   Черекская теснина.jpg
[511/539] ok   Чинарёв водопад в ущелье.jpg
[512/539] ok   Чокракское озеро.jpg
[513/539] ok   Чор-Минор.jpg
[514/539] ok   Чор-Су.jpg
[515/539] ok   Чуфут-Кале.jpg
[516/539] ok   Чуфут-Кале.webp
[517/539] ok   Шаакендорф.jpeg
[518/539] ok   Шато де Талю — Геленджик.jpg
[519/539] ok   Шато Тамань.jpg
[520/539] ok   Шато-Андре — Семигорье.jpg
[521/539] ok   Шато-Пино.jpg
[522/539] ok   Шато-Пино.webp
[523/539] ok   Шахи-Зинда.jpeg
[524/539] ok   Шоу фонтанов.jpg
[525/539] ok   Эко-тропа вокруг озера Абрау — 7 км.webp
[526/539] ok   Эко-тропа у озера Маныч-Гудило.webp
[527/539] ok   Эль-Тюбю.jpg
[528/539] ok   Эрмитаж и Петергоф.webp
[529/539] ok   Южные культуры.webp
[530/539] ok   Южный берег Крыма.webp
[531/539] ok   Юпшарский каньон.jpg
[532/539] ok   Юсуповский дворец.jpg
[533/539] ok   Яворова поляна.jpg
[534/539] ok   Язык тролля.jpg
[535/539] ok   Ялта.webp
[536/539] ok   Янтарная комната в Царском Селе.jpg
[537/539] ok   Янтарная лагуна.jpg
[538/539] ok   Янтарный замок.jpg
[539/539] ok   Японский сад.webp
Done. Uploaded: 224, skipped: 315, total: 539
